// Jest Snapshot v1, https://goo.gl/fbAQLP

exports[`CombinedReportFailedSection renders 1`] = `
"<div className=\\"result-section\\">
  <div id=\\"collapsible-header\\">
    <CombinedResultSectionTitle outcomeCount={1} outcomeType=\\"fail\\" title=\\"Failed\\" titleSize=\\"title\\" deps={{...}} containerId=\\"container-id\\" content={{...}} cardsViewData={{...}} scanMetadata={{...}} />
  </div>
  <div id=\\"collapsible-content\\">
    <ResultSectionContent outcomeType=\\"fail\\" targetAppInfo={[undefined]} results={{...}} visualHelperEnabled={true} allCardsCollapsed={true} userConfigurationStoreData={{...}} outcomeCounter={[Function: countByIdentifierUrls]} deps={{...}} containerId=\\"container-id\\" content={{...}} cardsViewData={{...}} scanMetadata={{...}} />
  </div>
</div>"
`;
